// Jest Snapshot v1, https://goo.gl/fbAQLP

exports[`Anchor renders correctly 1`] = `
<a
  href="/portfolio"
  title="Find me on GitHub;"
>
  <i
    className="fa-github-alt"
  />
  View my GitHub
</a>
`;
