// Jest Snapshot v1, https://goo.gl/fbAQLP

exports[`Button renders correctly 1`] = `
<Link
  href="test link"
>
  <a
    className="button"
    itemProp="url"
  >
    test cta
  </a>
</Link>
`;
